// Jest Snapshot v1, https://goo.gl/fbAQLP

exports[`SelectWallet renders 1`] = `
<Section>
  <Container>
    <Heading
      as="h2"
    >
      Select a wallet type
    </Heading>
    <Typography>
      Choose one of the available wallet types from the list below.
    </Typography>
  </Container>
  <Container
    small={true}
  >
    <List>
      <Ledger
        onSelect={[Function]}
      />
      <Trezor
        onSelect={[Function]}
      />
    </List>
  </Container>
</Section>
`;
