// Jest Snapshot v1, https://goo.gl/fbAQLP

exports[`SelectWallet renders 1`] = `
<Section
  animate="enter"
  exit="exit"
  initial="initial"
  transition={
    Object {
      "duration": 0.6,
    }
  }
  variants={
    Object {
      "enter": Object {
        "opacity": 1,
      },
      "exit": Object {
        "opacity": 0,
      },
      "initial": Object {
        "opacity": 0,
      },
    }
  }
>
  <Container>
    <Heading
      as="h2"
    >
      Select a wallet type
    </Heading>
    <Typography>
      Choose one of the available wallet types from the list below.
    </Typography>
  </Container>
  <Container
    small={true}
  >
    <List>
      <Ledger
        onSelect={[Function]}
      />
      <Trezor
        onSelect={[Function]}
      />
    </List>
  </Container>
</Section>
`;
