// Jest Snapshot v1, https://goo.gl/fbAQLP

exports[`SelectWallet renders 1`] = `
<Section
  animate="enter"
  exit="exit"
  initial="initial"
  transition={
    Object {
      "duration": 0.6,
    }
  }
  variants={
    Object {
      "enter": Object {
        "opacity": 1,
      },
      "exit": Object {
        "opacity": 0,
      },
      "initial": Object {
        "opacity": 0,
      },
    }
  }
>
  <MetaData
    title="Select a wallet type"
  />
  <Container>
    <Heading
      as="h2"
    >
      Select a wallet type
    </Heading>
    <Typography>
      Choose one of the available wallet types from the list below.
    </Typography>
    <GridContainer
      columns={4}
      rows={1}
    >
      <Panel
        key="Ledger"
        onClick={[Function]}
      >
        <Heading
          as="h3"
        >
          Ledger
        </Heading>
      </Panel>
      <Panel
        key="Trezor"
        onClick={[Function]}
      >
        <Heading
          as="h3"
        >
          Trezor
        </Heading>
      </Panel>
      <Panel
        key="KeepKey"
        onClick={[Function]}
      >
        <Heading
          as="h3"
        >
          KeepKey
        </Heading>
      </Panel>
      <Panel
        key="Mnemonic Phrase"
        onClick={[Function]}
      >
        <Heading
          as="h3"
        >
          Mnemonic Phrase
        </Heading>
      </Panel>
    </GridContainer>
  </Container>
</Section>
`;
