// Jest Snapshot v1, https://goo.gl/fbAQLP

exports[`Other renders 1`] = `
<Fragment>
  <Modal
    closeText="Cancel"
    confirmText="Try again"
    isVisible={false}
    onClose={[Function]}
    onConfirm={[Function]}
    type="error"
  >
    <Typography>
      Could not connect to your device: 
    </Typography>
  </Modal>
  <Container>
    <Heading
      as="h2"
    >
      Connecting to your wallet...
    </Heading>
    <Typography>
      Make sure your wallet is connected and available.
    </Typography>
    <Spinner
      isVisible={true}
    />
  </Container>
</Fragment>
`;

exports[`Other renders 2`] = `
<Fragment>
  <Modal
    closeText="Cancel"
    confirmText="Try again"
    isVisible={false}
    onClose={[Function]}
    onConfirm={[Function]}
    type="error"
  >
    <Typography>
      Could not connect to your device: 
    </Typography>
  </Modal>
  <Container>
    <Heading
      as="h2"
    >
      Connecting to your wallet...
    </Heading>
    <Typography>
      Make sure your wallet is connected and available.
    </Typography>
    <Spinner
      isVisible={true}
    />
  </Container>
</Fragment>
`;
