// Jest Snapshot v1, https://goo.gl/fbAQLP

exports[`Donate renders correctly 1`] = `
.c2 {
  display: block;
  font-size: .875rem;
  font-family: "Inter",sans-serif;
  margin-bottom: 1.5rem;
  line-height: 1.5;
  color: #323232;
  -webkit-transition: color 0.3s;
  transition: color 0.3s;
}

.c3 {
  -webkit-text-decoration: none;
  text-decoration: none;
  font-family: "Inter",sans-serif;
  color: #1eb8e7;
  -webkit-transition: color 0.3s;
  transition: color 0.3s;
}

.c3:hover {
  color: #4cc7ec;
}

.c0 {
  margin-top: 0.25rem;
}

.c0 .c1 {
  font-size: 0.75rem;
}

<Donate>
  <styled.div>
    <div
      className="c0"
    >
      <styled.p>
        <p
          className="c1 c2"
        >
          Donate (ETH):
          <br />
          <Link
            external={true}
            to="https://etherscan.io/address/0xDFDD854DaAD30E6E077AEf1c653169968c102E34"
          >
            <styled.a
              href="https://etherscan.io/address/0xDFDD854DaAD30E6E077AEf1c653169968c102E34"
            >
              <a
                className="c3"
                href="https://etherscan.io/address/0xDFDD854DaAD30E6E077AEf1c653169968c102E34"
                rel="noopener noreferrer"
                target="_blank"
              >
                0xDFDD854DaAD30E6E077AEf1c653169968c102E34
              </a>
            </styled.a>
          </Link>
        </p>
      </styled.p>
    </div>
  </styled.div>
</Donate>
`;
