// Jest Snapshot v1, https://goo.gl/fbAQLP

exports[`Flow renders 1`] = `
.c8 {
  display: block;
  font-size: 1rem;
  font-family: "Open Sans",sans-serif;
  margin-bottom: 1.5rem;
  line-height: 1.5;
  color: #323232;
  -webkit-transition: color 0.3s;
  transition: color 0.3s;
}

.c4 {
  width: 0.4rem;
  height: 0.4rem;
  border: 0.2rem solid #242429;
  border-radius: 50%;
  background: none;
  -webkit-transition: border 0.3s,background-color 0.3s;
  transition: border 0.3s,background-color 0.3s;
  margin-right: 0.25rem;
}

.c4:last-of-type {
  margin-right: 0;
}

.c5 {
  width: 0.4rem;
  height: 0.4rem;
  border: 0.2rem solid #242429;
  border-radius: 50%;
  background: #242429;
  -webkit-transition: border 0.3s,background-color 0.3s;
  transition: border 0.3s,background-color 0.3s;
  margin-right: 0.25rem;
}

.c5:last-of-type {
  margin-right: 0;
}

.c3 {
  display: -webkit-box;
  display: -webkit-flex;
  display: -ms-flexbox;
  display: flex;
  -webkit-flex-direction: row;
  -ms-flex-direction: row;
  flex-direction: row;
  -webkit-align-items: center;
  -webkit-box-align: center;
  -ms-flex-align: center;
  align-items: center;
}

.c0 {
  width: 1400px;
  max-width: 100%;
  height: auto;
  box-sizing: border-box;
  margin: 0 auto;
  padding: 0 2rem;
}

.c1 {
  display: -webkit-box;
  display: -webkit-flex;
  display: -ms-flexbox;
  display: flex;
  -webkit-box-pack: justify;
  -webkit-justify-content: space-between;
  -ms-flex-pack: justify;
  justify-content: space-between;
  -webkit-align-items: center;
  -webkit-box-align: center;
  -ms-flex-align: center;
  align-items: center;
}

.c2 {
  display: block;
  font-size: 1rem;
  font-family: "Open Sans",sans-serif;
  margin-bottom: 1.5rem;
  line-height: 1.5;
  color: #323232;
  -webkit-transition: color 0.3s;
  transition: color 0.3s;
  font-size: 3rem;
  font-family: "Public Sans",sans-serif;
  font-weight: bold;
}

.c7 {
  display: block;
  font-size: 1rem;
  font-family: "Open Sans",sans-serif;
  margin-bottom: 1.5rem;
  line-height: 1.5;
  color: #323232;
  -webkit-transition: color 0.3s;
  transition: color 0.3s;
  font-size: 1.5rem;
  font-family: "Public Sans",sans-serif;
  font-weight: normal;
}

.c9 {
  display: block;
  font-size: 1rem;
  font-family: "Open Sans",sans-serif;
  margin-bottom: 1.5rem;
  line-height: 1.5;
  color: #323232;
  -webkit-transition: color 0.3s;
  transition: color 0.3s;
  background: transparent;
  outline: none;
  border: 3px solid #242429;
  border-radius: 3px;
  color: #242429;
  padding: 0.5rem 1.1rem;
  font-size: 0.9rem;
  font-weight: bold;
  -webkit-transition: background-color 0.3s,color 0.3s;
  transition: background-color 0.3s,color 0.3s;
}

.c9:hover {
  background: rgba(36,36,41,0.9);
  color: white !important;
}

.c6 {
  padding: 4rem 0;
  background: white;
}

.c6:nth-child(odd) {
  background: #f6f7f9;
}

.c6:first-of-type {
  padding-top: 2rem;
}

.c6:last-of-type {
  -webkit-flex: 1;
  -ms-flex: 1;
  flex: 1;
}

<EtherFlow>
  <Flow
    components={
      Array [
        [Function],
        [Function],
        [Function],
        [Function],
        [Function],
      ]
    }
    handleDone={[Function]}
    title="Search for Ether"
  >
    <styled.div>
      <div
        className="c0"
      >
        <styled.div>
          <div
            className="c1"
          >
            <Styled(styled.p)
              as="h1"
            >
              <h1
                className="c2"
              >
                Search for Ether
              </h1>
            </Styled(styled.p)>
            <StepIndicator
              currentStep={0}
              steps={5}
            >
              <styled.div>
                <div
                  className="c3"
                >
                  <styled.div
                    active={true}
                    key="step-0"
                  >
                    <div
                      className="c4"
                    />
                  </styled.div>
                  <styled.div
                    active={false}
                    key="step-1"
                  >
                    <div
                      className="c5"
                    />
                  </styled.div>
                  <styled.div
                    active={false}
                    key="step-2"
                  >
                    <div
                      className="c5"
                    />
                  </styled.div>
                  <styled.div
                    active={false}
                    key="step-3"
                  >
                    <div
                      className="c5"
                    />
                  </styled.div>
                  <styled.div
                    active={false}
                    key="step-4"
                  >
                    <div
                      className="c5"
                    />
                  </styled.div>
                </div>
              </styled.div>
            </StepIndicator>
          </div>
        </styled.div>
      </div>
    </styled.div>
    <SelectNetwork
      onNext={[Function]}
      onReset={[Function]}
      state={Object {}}
    >
      <Styled(Component)>
        <ForwardRef(MotionComponent)
          className="c6"
        >
          <section
            className="c6"
            style={Object {}}
          >
            <Meta
              title="Choose a network"
            >
              <Helmet
                defaultTitle="FindETH"
                defer={true}
                encodeSpecialCharacters={true}
                htmlAttributes={
                  Object {
                    "lang": "en",
                  }
                }
                meta={
                  Array [
                    Object {
                      "content": "Easily find your lost Ether, tokens, or Ethereum address, by automatically scanning a bunch of derivation paths",
                      "name": "description",
                    },
                    Object {
                      "content": "Ether, Ethereum, ERC20, ERC-20, tokens, address, private key, derivation path, mnemonic phrase, Ledger, Trezor, hardware wallet, lost",
                      "name": "keywords",
                    },
                    Object {
                      "content": "Maarten Zuidhoorn",
                      "name": "author",
                    },
                  ]
                }
                title="Choose a network"
              >
                <HelmetDispatcher
                  context={
                    Object {
                      "helmetInstances": Object {
                        "add": [Function],
                        "get": [Function],
                        "remove": [Function],
                      },
                      "setHelmet": [Function],
                    }
                  }
                  defaultTitle="FindETH"
                  defer={true}
                  encodeSpecialCharacters={true}
                  htmlAttributes={
                    Object {
                      "lang": "en",
                    }
                  }
                  meta={
                    Array [
                      Object {
                        "content": "Easily find your lost Ether, tokens, or Ethereum address, by automatically scanning a bunch of derivation paths",
                        "name": "description",
                      },
                      Object {
                        "content": "Ether, Ethereum, ERC20, ERC-20, tokens, address, private key, derivation path, mnemonic phrase, Ledger, Trezor, hardware wallet, lost",
                        "name": "keywords",
                      },
                      Object {
                        "content": "Maarten Zuidhoorn",
                        "name": "author",
                      },
                    ]
                  }
                  title="Choose a network"
                />
              </Helmet>
            </Meta>
            <styled.div>
              <div
                className="c0"
              >
                <Styled(styled.p)
                  as="h2"
                >
                  <h2
                    className="c7"
                  >
                    Choose a network
                  </h2>
                </Styled(styled.p)>
                <styled.p>
                  <p
                    className="c8"
                  >
                    Which network would you like to use? FindETH is compatible with Ethereum and other EVM-like networks.
                  </p>
                </styled.p>
                <Dropdown
                  items={
                    Array [
                      "Ethereum Mainnet",
                      "xDAI Chain",
                      "EtherInc",
                      "ThunderCore Mainnet",
                      "Metadium Mainnet",
                      "IPOS Network",
                      "Metadium Testnet",
                      "Fuse Mainnet",
                      "Ether-1",
                      "Xerom",
                      "PepChain Churchill",
                      "Lightstreams Testnet",
                      "Atheios",
                      "Lightstreams Mainnet",
                      "ThunderCore Testnet",
                      "IOLite",
                      "Teslafunds",
                      "EtherGem",
                      "Expanse Network",
                      "ELA-ETH-Sidechain Mainnet",
                      "Akaroma",
                      "ELA-ETH-Sidechain Testnet",
                      "Freight Trust Network",
                      "Webchain",
                      "ARTIS sigma1",
                      "ARTIS tau1",
                      "Fantom Opera",
                      "High Performance Blockchain",
                      "Auxilium Network Mainnet",
                      "Ethereum Testnet Ropsten",
                      "RSK Mainnet",
                      "RSK Testnet",
                      "Ethersocial Network",
                      "Pirl",
                      "Lisinski",
                      "Energi Mainnet",
                      "Ethereum Testnet Rinkeby",
                      "Ethereum Testnet Kovan",
                      "Athereum",
                      "Energi Testnet",
                      "Ethereum Testnet Görli",
                      "GoChain",
                      "Ethereum Classic Mainnet",
                      "Aquachain",
                      "Ellaism",
                      "ThaiChain",
                      "Mix",
                      "POA Network Sokol",
                      "Musicoin",
                      "Firenze test network",
                      "Ubiq Network Mainnet",
                      "Callisto Mainnet",
                      "TomoChain",
                      "Nepal Blockchain Network",
                      "POA Network Core",
                    ]
                  }
                  onChange={[Function]}
                  value="Ethereum Mainnet"
                >
                  <styled.select
                    onChange={[Function]}
                    value="Ethereum Mainnet"
                  >
                    <select
                      className=""
                      onChange={[Function]}
                      value="Ethereum Mainnet"
                    >
                      <styled.option
                        key="0"
                        value="Ethereum Mainnet"
                      >
                        <option
                          className=""
                          value="Ethereum Mainnet"
                        >
                          Ethereum Mainnet
                        </option>
                      </styled.option>
                      <styled.option
                        key="1"
                        value="xDAI Chain"
                      >
                        <option
                          className=""
                          value="xDAI Chain"
                        >
                          xDAI Chain
                        </option>
                      </styled.option>
                      <styled.option
                        key="2"
                        value="EtherInc"
                      >
                        <option
                          className=""
                          value="EtherInc"
                        >
                          EtherInc
                        </option>
                      </styled.option>
                      <styled.option
                        key="3"
                        value="ThunderCore Mainnet"
                      >
                        <option
                          className=""
                          value="ThunderCore Mainnet"
                        >
                          ThunderCore Mainnet
                        </option>
                      </styled.option>
                      <styled.option
                        key="4"
                        value="Metadium Mainnet"
                      >
                        <option
                          className=""
                          value="Metadium Mainnet"
                        >
                          Metadium Mainnet
                        </option>
                      </styled.option>
                      <styled.option
                        key="5"
                        value="IPOS Network"
                      >
                        <option
                          className=""
                          value="IPOS Network"
                        >
                          IPOS Network
                        </option>
                      </styled.option>
                      <styled.option
                        key="6"
                        value="Metadium Testnet"
                      >
                        <option
                          className=""
                          value="Metadium Testnet"
                        >
                          Metadium Testnet
                        </option>
                      </styled.option>
                      <styled.option
                        key="7"
                        value="Fuse Mainnet"
                      >
                        <option
                          className=""
                          value="Fuse Mainnet"
                        >
                          Fuse Mainnet
                        </option>
                      </styled.option>
                      <styled.option
                        key="8"
                        value="Ether-1"
                      >
                        <option
                          className=""
                          value="Ether-1"
                        >
                          Ether-1
                        </option>
                      </styled.option>
                      <styled.option
                        key="9"
                        value="Xerom"
                      >
                        <option
                          className=""
                          value="Xerom"
                        >
                          Xerom
                        </option>
                      </styled.option>
                      <styled.option
                        key="10"
                        value="PepChain Churchill"
                      >
                        <option
                          className=""
                          value="PepChain Churchill"
                        >
                          PepChain Churchill
                        </option>
                      </styled.option>
                      <styled.option
                        key="11"
                        value="Lightstreams Testnet"
                      >
                        <option
                          className=""
                          value="Lightstreams Testnet"
                        >
                          Lightstreams Testnet
                        </option>
                      </styled.option>
                      <styled.option
                        key="12"
                        value="Atheios"
                      >
                        <option
                          className=""
                          value="Atheios"
                        >
                          Atheios
                        </option>
                      </styled.option>
                      <styled.option
                        key="13"
                        value="Lightstreams Mainnet"
                      >
                        <option
                          className=""
                          value="Lightstreams Mainnet"
                        >
                          Lightstreams Mainnet
                        </option>
                      </styled.option>
                      <styled.option
                        key="14"
                        value="ThunderCore Testnet"
                      >
                        <option
                          className=""
                          value="ThunderCore Testnet"
                        >
                          ThunderCore Testnet
                        </option>
                      </styled.option>
                      <styled.option
                        key="15"
                        value="IOLite"
                      >
                        <option
                          className=""
                          value="IOLite"
                        >
                          IOLite
                        </option>
                      </styled.option>
                      <styled.option
                        key="16"
                        value="Teslafunds"
                      >
                        <option
                          className=""
                          value="Teslafunds"
                        >
                          Teslafunds
                        </option>
                      </styled.option>
                      <styled.option
                        key="17"
                        value="EtherGem"
                      >
                        <option
                          className=""
                          value="EtherGem"
                        >
                          EtherGem
                        </option>
                      </styled.option>
                      <styled.option
                        key="18"
                        value="Expanse Network"
                      >
                        <option
                          className=""
                          value="Expanse Network"
                        >
                          Expanse Network
                        </option>
                      </styled.option>
                      <styled.option
                        key="19"
                        value="ELA-ETH-Sidechain Mainnet"
                      >
                        <option
                          className=""
                          value="ELA-ETH-Sidechain Mainnet"
                        >
                          ELA-ETH-Sidechain Mainnet
                        </option>
                      </styled.option>
                      <styled.option
                        key="20"
                        value="Akaroma"
                      >
                        <option
                          className=""
                          value="Akaroma"
                        >
                          Akaroma
                        </option>
                      </styled.option>
                      <styled.option
                        key="21"
                        value="ELA-ETH-Sidechain Testnet"
                      >
                        <option
                          className=""
                          value="ELA-ETH-Sidechain Testnet"
                        >
                          ELA-ETH-Sidechain Testnet
                        </option>
                      </styled.option>
                      <styled.option
                        key="22"
                        value="Freight Trust Network"
                      >
                        <option
                          className=""
                          value="Freight Trust Network"
                        >
                          Freight Trust Network
                        </option>
                      </styled.option>
                      <styled.option
                        key="23"
                        value="Webchain"
                      >
                        <option
                          className=""
                          value="Webchain"
                        >
                          Webchain
                        </option>
                      </styled.option>
                      <styled.option
                        key="24"
                        value="ARTIS sigma1"
                      >
                        <option
                          className=""
                          value="ARTIS sigma1"
                        >
                          ARTIS sigma1
                        </option>
                      </styled.option>
                      <styled.option
                        key="25"
                        value="ARTIS tau1"
                      >
                        <option
                          className=""
                          value="ARTIS tau1"
                        >
                          ARTIS tau1
                        </option>
                      </styled.option>
                      <styled.option
                        key="26"
                        value="Fantom Opera"
                      >
                        <option
                          className=""
                          value="Fantom Opera"
                        >
                          Fantom Opera
                        </option>
                      </styled.option>
                      <styled.option
                        key="27"
                        value="High Performance Blockchain"
                      >
                        <option
                          className=""
                          value="High Performance Blockchain"
                        >
                          High Performance Blockchain
                        </option>
                      </styled.option>
                      <styled.option
                        key="28"
                        value="Auxilium Network Mainnet"
                      >
                        <option
                          className=""
                          value="Auxilium Network Mainnet"
                        >
                          Auxilium Network Mainnet
                        </option>
                      </styled.option>
                      <styled.option
                        key="29"
                        value="Ethereum Testnet Ropsten"
                      >
                        <option
                          className=""
                          value="Ethereum Testnet Ropsten"
                        >
                          Ethereum Testnet Ropsten
                        </option>
                      </styled.option>
                      <styled.option
                        key="30"
                        value="RSK Mainnet"
                      >
                        <option
                          className=""
                          value="RSK Mainnet"
                        >
                          RSK Mainnet
                        </option>
                      </styled.option>
                      <styled.option
                        key="31"
                        value="RSK Testnet"
                      >
                        <option
                          className=""
                          value="RSK Testnet"
                        >
                          RSK Testnet
                        </option>
                      </styled.option>
                      <styled.option
                        key="32"
                        value="Ethersocial Network"
                      >
                        <option
                          className=""
                          value="Ethersocial Network"
                        >
                          Ethersocial Network
                        </option>
                      </styled.option>
                      <styled.option
                        key="33"
                        value="Pirl"
                      >
                        <option
                          className=""
                          value="Pirl"
                        >
                          Pirl
                        </option>
                      </styled.option>
                      <styled.option
                        key="34"
                        value="Lisinski"
                      >
                        <option
                          className=""
                          value="Lisinski"
                        >
                          Lisinski
                        </option>
                      </styled.option>
                      <styled.option
                        key="35"
                        value="Energi Mainnet"
                      >
                        <option
                          className=""
                          value="Energi Mainnet"
                        >
                          Energi Mainnet
                        </option>
                      </styled.option>
                      <styled.option
                        key="36"
                        value="Ethereum Testnet Rinkeby"
                      >
                        <option
                          className=""
                          value="Ethereum Testnet Rinkeby"
                        >
                          Ethereum Testnet Rinkeby
                        </option>
                      </styled.option>
                      <styled.option
                        key="37"
                        value="Ethereum Testnet Kovan"
                      >
                        <option
                          className=""
                          value="Ethereum Testnet Kovan"
                        >
                          Ethereum Testnet Kovan
                        </option>
                      </styled.option>
                      <styled.option
                        key="38"
                        value="Athereum"
                      >
                        <option
                          className=""
                          value="Athereum"
                        >
                          Athereum
                        </option>
                      </styled.option>
                      <styled.option
                        key="39"
                        value="Energi Testnet"
                      >
                        <option
                          className=""
                          value="Energi Testnet"
                        >
                          Energi Testnet
                        </option>
                      </styled.option>
                      <styled.option
                        key="40"
                        value="Ethereum Testnet Görli"
                      >
                        <option
                          className=""
                          value="Ethereum Testnet Görli"
                        >
                          Ethereum Testnet Görli
                        </option>
                      </styled.option>
                      <styled.option
                        key="41"
                        value="GoChain"
                      >
                        <option
                          className=""
                          value="GoChain"
                        >
                          GoChain
                        </option>
                      </styled.option>
                      <styled.option
                        key="42"
                        value="Ethereum Classic Mainnet"
                      >
                        <option
                          className=""
                          value="Ethereum Classic Mainnet"
                        >
                          Ethereum Classic Mainnet
                        </option>
                      </styled.option>
                      <styled.option
                        key="43"
                        value="Aquachain"
                      >
                        <option
                          className=""
                          value="Aquachain"
                        >
                          Aquachain
                        </option>
                      </styled.option>
                      <styled.option
                        key="44"
                        value="Ellaism"
                      >
                        <option
                          className=""
                          value="Ellaism"
                        >
                          Ellaism
                        </option>
                      </styled.option>
                      <styled.option
                        key="45"
                        value="ThaiChain"
                      >
                        <option
                          className=""
                          value="ThaiChain"
                        >
                          ThaiChain
                        </option>
                      </styled.option>
                      <styled.option
                        key="46"
                        value="Mix"
                      >
                        <option
                          className=""
                          value="Mix"
                        >
                          Mix
                        </option>
                      </styled.option>
                      <styled.option
                        key="47"
                        value="POA Network Sokol"
                      >
                        <option
                          className=""
                          value="POA Network Sokol"
                        >
                          POA Network Sokol
                        </option>
                      </styled.option>
                      <styled.option
                        key="48"
                        value="Musicoin"
                      >
                        <option
                          className=""
                          value="Musicoin"
                        >
                          Musicoin
                        </option>
                      </styled.option>
                      <styled.option
                        key="49"
                        value="Firenze test network"
                      >
                        <option
                          className=""
                          value="Firenze test network"
                        >
                          Firenze test network
                        </option>
                      </styled.option>
                      <styled.option
                        key="50"
                        value="Ubiq Network Mainnet"
                      >
                        <option
                          className=""
                          value="Ubiq Network Mainnet"
                        >
                          Ubiq Network Mainnet
                        </option>
                      </styled.option>
                      <styled.option
                        key="51"
                        value="Callisto Mainnet"
                      >
                        <option
                          className=""
                          value="Callisto Mainnet"
                        >
                          Callisto Mainnet
                        </option>
                      </styled.option>
                      <styled.option
                        key="52"
                        value="TomoChain"
                      >
                        <option
                          className=""
                          value="TomoChain"
                        >
                          TomoChain
                        </option>
                      </styled.option>
                      <styled.option
                        key="53"
                        value="Nepal Blockchain Network"
                      >
                        <option
                          className=""
                          value="Nepal Blockchain Network"
                        >
                          Nepal Blockchain Network
                        </option>
                      </styled.option>
                      <styled.option
                        key="54"
                        value="POA Network Core"
                      >
                        <option
                          className=""
                          value="POA Network Core"
                        >
                          POA Network Core
                        </option>
                      </styled.option>
                    </select>
                  </styled.select>
                </Dropdown>
                <Styled(styled.p)
                  onClick={[Function]}
                >
                  <button
                    className="c9"
                    onClick={[Function]}
                  >
                    Next
                  </button>
                </Styled(styled.p)>
              </div>
            </styled.div>
          </section>
          <Memo(MountComponent)
            innerRef={
              Object {
                "current": .c3 {
  display: block;
  font-size: 1rem;
  font-family: "Open Sans",sans-serif;
  margin-bottom: 1.5rem;
  line-height: 1.5;
  color: #323232;
  -webkit-transition: color 0.3s;
  transition: color 0.3s;
}

.c1 {
  width: 1400px;
  max-width: 100%;
  height: auto;
  box-sizing: border-box;
  margin: 0 auto;
  padding: 0 2rem;
}

.c2 {
  display: block;
  font-size: 1rem;
  font-family: "Open Sans",sans-serif;
  margin-bottom: 1.5rem;
  line-height: 1.5;
  color: #323232;
  -webkit-transition: color 0.3s;
  transition: color 0.3s;
  font-size: 1.5rem;
  font-family: "Public Sans",sans-serif;
  font-weight: normal;
}

.c4 {
  display: block;
  font-size: 1rem;
  font-family: "Open Sans",sans-serif;
  margin-bottom: 1.5rem;
  line-height: 1.5;
  color: #323232;
  -webkit-transition: color 0.3s;
  transition: color 0.3s;
  background: transparent;
  outline: none;
  border: 3px solid #242429;
  border-radius: 3px;
  color: #242429;
  padding: 0.5rem 1.1rem;
  font-size: 0.9rem;
  font-weight: bold;
  -webkit-transition: background-color 0.3s,color 0.3s;
  transition: background-color 0.3s,color 0.3s;
}

.c4:hover {
  background: rgba(36,36,41,0.9);
  color: white !important;
}

.c0 {
  padding: 4rem 0;
  background: white;
}

.c0:nth-child(odd) {
  background: #f6f7f9;
}

.c0:first-of-type {
  padding-top: 2rem;
}

.c0:last-of-type {
  -webkit-flex: 1;
  -ms-flex: 1;
  flex: 1;
}

<section
                  class="c0"
                >
                  <div
                    class="c1"
                  >
                    <h2
                      class="c2"
                    >
                      Choose a network
                    </h2>
                    <p
                      class="c3"
                    >
                      Which network would you like to use? FindETH is compatible with Ethereum and other EVM-like networks.
                    </p>
                    <select
                      class=""
                    >
                      <option
                        class=""
                        value="Ethereum Mainnet"
                      >
                        Ethereum Mainnet
                      </option>
                      <option
                        class=""
                        value="xDAI Chain"
                      >
                        xDAI Chain
                      </option>
                      <option
                        class=""
                        value="EtherInc"
                      >
                        EtherInc
                      </option>
                      <option
                        class=""
                        value="ThunderCore Mainnet"
                      >
                        ThunderCore Mainnet
                      </option>
                      <option
                        class=""
                        value="Metadium Mainnet"
                      >
                        Metadium Mainnet
                      </option>
                      <option
                        class=""
                        value="IPOS Network"
                      >
                        IPOS Network
                      </option>
                      <option
                        class=""
                        value="Metadium Testnet"
                      >
                        Metadium Testnet
                      </option>
                      <option
                        class=""
                        value="Fuse Mainnet"
                      >
                        Fuse Mainnet
                      </option>
                      <option
                        class=""
                        value="Ether-1"
                      >
                        Ether-1
                      </option>
                      <option
                        class=""
                        value="Xerom"
                      >
                        Xerom
                      </option>
                      <option
                        class=""
                        value="PepChain Churchill"
                      >
                        PepChain Churchill
                      </option>
                      <option
                        class=""
                        value="Lightstreams Testnet"
                      >
                        Lightstreams Testnet
                      </option>
                      <option
                        class=""
                        value="Atheios"
                      >
                        Atheios
                      </option>
                      <option
                        class=""
                        value="Lightstreams Mainnet"
                      >
                        Lightstreams Mainnet
                      </option>
                      <option
                        class=""
                        value="ThunderCore Testnet"
                      >
                        ThunderCore Testnet
                      </option>
                      <option
                        class=""
                        value="IOLite"
                      >
                        IOLite
                      </option>
                      <option
                        class=""
                        value="Teslafunds"
                      >
                        Teslafunds
                      </option>
                      <option
                        class=""
                        value="EtherGem"
                      >
                        EtherGem
                      </option>
                      <option
                        class=""
                        value="Expanse Network"
                      >
                        Expanse Network
                      </option>
                      <option
                        class=""
                        value="ELA-ETH-Sidechain Mainnet"
                      >
                        ELA-ETH-Sidechain Mainnet
                      </option>
                      <option
                        class=""
                        value="Akaroma"
                      >
                        Akaroma
                      </option>
                      <option
                        class=""
                        value="ELA-ETH-Sidechain Testnet"
                      >
                        ELA-ETH-Sidechain Testnet
                      </option>
                      <option
                        class=""
                        value="Freight Trust Network"
                      >
                        Freight Trust Network
                      </option>
                      <option
                        class=""
                        value="Webchain"
                      >
                        Webchain
                      </option>
                      <option
                        class=""
                        value="ARTIS sigma1"
                      >
                        ARTIS sigma1
                      </option>
                      <option
                        class=""
                        value="ARTIS tau1"
                      >
                        ARTIS tau1
                      </option>
                      <option
                        class=""
                        value="Fantom Opera"
                      >
                        Fantom Opera
                      </option>
                      <option
                        class=""
                        value="High Performance Blockchain"
                      >
                        High Performance Blockchain
                      </option>
                      <option
                        class=""
                        value="Auxilium Network Mainnet"
                      >
                        Auxilium Network Mainnet
                      </option>
                      <option
                        class=""
                        value="Ethereum Testnet Ropsten"
                      >
                        Ethereum Testnet Ropsten
                      </option>
                      <option
                        class=""
                        value="RSK Mainnet"
                      >
                        RSK Mainnet
                      </option>
                      <option
                        class=""
                        value="RSK Testnet"
                      >
                        RSK Testnet
                      </option>
                      <option
                        class=""
                        value="Ethersocial Network"
                      >
                        Ethersocial Network
                      </option>
                      <option
                        class=""
                        value="Pirl"
                      >
                        Pirl
                      </option>
                      <option
                        class=""
                        value="Lisinski"
                      >
                        Lisinski
                      </option>
                      <option
                        class=""
                        value="Energi Mainnet"
                      >
                        Energi Mainnet
                      </option>
                      <option
                        class=""
                        value="Ethereum Testnet Rinkeby"
                      >
                        Ethereum Testnet Rinkeby
                      </option>
                      <option
                        class=""
                        value="Ethereum Testnet Kovan"
                      >
                        Ethereum Testnet Kovan
                      </option>
                      <option
                        class=""
                        value="Athereum"
                      >
                        Athereum
                      </option>
                      <option
                        class=""
                        value="Energi Testnet"
                      >
                        Energi Testnet
                      </option>
                      <option
                        class=""
                        value="Ethereum Testnet Görli"
                      >
                        Ethereum Testnet Görli
                      </option>
                      <option
                        class=""
                        value="GoChain"
                      >
                        GoChain
                      </option>
                      <option
                        class=""
                        value="Ethereum Classic Mainnet"
                      >
                        Ethereum Classic Mainnet
                      </option>
                      <option
                        class=""
                        value="Aquachain"
                      >
                        Aquachain
                      </option>
                      <option
                        class=""
                        value="Ellaism"
                      >
                        Ellaism
                      </option>
                      <option
                        class=""
                        value="ThaiChain"
                      >
                        ThaiChain
                      </option>
                      <option
                        class=""
                        value="Mix"
                      >
                        Mix
                      </option>
                      <option
                        class=""
                        value="POA Network Sokol"
                      >
                        POA Network Sokol
                      </option>
                      <option
                        class=""
                        value="Musicoin"
                      >
                        Musicoin
                      </option>
                      <option
                        class=""
                        value="Firenze test network"
                      >
                        Firenze test network
                      </option>
                      <option
                        class=""
                        value="Ubiq Network Mainnet"
                      >
                        Ubiq Network Mainnet
                      </option>
                      <option
                        class=""
                        value="Callisto Mainnet"
                      >
                        Callisto Mainnet
                      </option>
                      <option
                        class=""
                        value="TomoChain"
                      >
                        TomoChain
                      </option>
                      <option
                        class=""
                        value="Nepal Blockchain Network"
                      >
                        Nepal Blockchain Network
                      </option>
                      <option
                        class=""
                        value="POA Network Core"
                      >
                        POA Network Core
                      </option>
                    </select>
                    <button
                      class="c4"
                    >
                      Next
                    </button>
                  </div>
                </section>,
              }
            }
            isStatic={false}
            values={
              MotionValuesMap {
                "hasMounted": true,
                "onUpdate": undefined,
                "output": [Function],
                "unsubscribers": Map {},
                "values": Map {},
              }
            }
          />
        </ForwardRef(MotionComponent)>
      </Styled(Component)>
    </SelectNetwork>
  </Flow>
</EtherFlow>
`;
