// Jest Snapshot v1, https://goo.gl/fbAQLP

exports[`App renders 1`] = `
<Provider
  store={
    Object {
      "dispatch": [Function],
      "getState": [Function],
      "replaceReducer": [Function],
      "subscribe": [Function],
      Symbol(observable): [Function],
    }
  }
>
  <ThemeProvider
    theme={
      Object {
        "borderColor": "#e5e5e5",
        "font": "'Open Sans', sans-serif",
        "headingFont": "'Nunito', sans-serif",
        "linkColor": "#1eb8e7",
        "linkHoverColor": "#4cc7ec",
        "modalBackground": "white",
        "primaryColor": "#242429",
        "sectionBackground": "white",
        "sectionOddBackground": "#f6f7f9",
        "smallBorderRadius": "3px",
      }
    }
  >
    <GlobalStyleComponent />
    <Wrapper>
      <Header />
      <Routes />
    </Wrapper>
    <Footer />
  </ThemeProvider>
</Provider>
`;
