// Jest Snapshot v1, https://goo.gl/fbAQLP

exports[`App renders 1`] = `
<Providers
  store={
    Object {
      "dispatch": [Function],
      "getState": [Function],
      "replaceReducer": [Function],
      "subscribe": [Function],
      Symbol(observable): [Function],
    }
  }
  theme={
    Object {
      "borderColor": "#e5e5e5",
      "errorColor": "#ed4337",
      "font": "'Open Sans', sans-serif",
      "headingFont": "'Nunito', sans-serif",
      "linkColor": "#1eb8e7",
      "linkHoverColor": "#4cc7ec",
      "modalBackground": "white",
      "primaryColor": "#242429",
      "sectionBackground": "white",
      "sectionOddBackground": "#f6f7f9",
      "smallBorderRadius": "3px",
      "textColor": "#323232",
      "warningColor": "#ffcc00",
    }
  }
>
  <NotificationList />
  <GlobalStyleComponent />
  <Wrapper>
    <Header />
    <Routes />
  </Wrapper>
  <Footer />
</Providers>
`;
