// Jest Snapshot v1, https://goo.gl/fbAQLP

exports[`LedgerRecovery renders correctly 1`] = `
.c0 {
  display: block;
  font-size: .875rem;
  font-family: "Inter",sans-serif;
  margin-bottom: 1.5rem;
  line-height: 1.5;
  color: #323232;
  -webkit-transition: color 0.3s;
  transition: color 0.3s;
}

.c1 {
  -webkit-text-decoration: none;
  text-decoration: none;
  font-family: "Inter",sans-serif;
  color: #2c9bbb;
  -webkit-transition: color 0.3s;
  transition: color 0.3s;
}

.c1:hover {
  color: #70c5dd;
}

<LedgerRecovery>
  <styled.p>
    <p
      className="c0"
    >
      <strong>
        Note:
      </strong>
       In order for FindETH to be able to scan all of your addresses, it's recommended to use the Ledger ETH Recovery app. For instructions on how to get the ETH Recovery app, please refer to
       
      <Link
        external={true}
        to="https://support.mycrypto.com/how-to/hardware-wallets/ledger/how-to-recover-assets-sent-to-the-wrong-address#install-the-eth-recovery-app"
      >
        <styled.a
          href="https://support.mycrypto.com/how-to/hardware-wallets/ledger/how-to-recover-assets-sent-to-the-wrong-address#install-the-eth-recovery-app"
        >
          <a
            className="c1"
            href="https://support.mycrypto.com/how-to/hardware-wallets/ledger/how-to-recover-assets-sent-to-the-wrong-address#install-the-eth-recovery-app"
            rel="noopener noreferrer"
            target="_blank"
          >
            this guide
          </a>
        </styled.a>
      </Link>
      .
    </p>
  </styled.p>
</LedgerRecovery>
`;
