// Jest Snapshot v1, https://goo.gl/fbAQLP

exports[`Card renders correctly 1`] = `
.c0 {
  margin: 1.5rem auto;
  width: 40rem;
  max-width: 100%;
  background: white;
  border-radius: .5rem;
  box-shadow: 0 1px 3px 0 rgba(0,0,0,.1),0 1px 2px 0 rgba(0,0,0,.05);
}

.c1 {
  padding: 1.25rem 1.5rem;
  border-bottom: 1px solid #d2d6dc;
}

.c1 .sc-gtssRu {
  margin: 0.25rem 0 0;
  line-height: 1.5rem;
}

.c1 .sc-hKFyIo {
  margin: 0;
  font-size: 1.125rem;
  font-weight: 500;
}

.c2 {
  padding: 1.5rem;
}

.c2 .sc-gtssRu:first-of-type {
  margin-top: 0;
}

<styled.section>
  <section
    className="c0"
  >
    <styled.header>
      <header
        className="c1"
      >
        Foo bar
      </header>
    </styled.header>
    <styled.div>
      <div
        className="c2"
      >
        Baz qux
      </div>
    </styled.div>
  </section>
</styled.section>
`;
