// Jest Snapshot v1, https://goo.gl/fbAQLP

exports[`Typography renders correctly 1`] = `
.c0 {
  display: block;
  font-size: .875rem;
  font-family: "Inter",sans-serif;
  margin-bottom: 1.5rem;
  line-height: 1.5;
  color: #323232;
  -webkit-transition: color 0.3s;
  transition: color 0.3s;
}

<styled.p>
  <p
    className="c0"
  >
    Foo
  </p>
</styled.p>
`;
