// Jest Snapshot v1, https://goo.gl/fbAQLP

exports[`NavigationItem renders correctly 1`] = `
.c0 {
  display: inline-block;
}

.c0:not(:first-of-type) {
  margin-left: 1rem;
}

<NavigationItem
  title="Foo"
  to="/foo"
>
  <styled.li>
    <li
      className="c0"
    >
      <NavigationLink
        to="/foo"
      >
        <Styled(Component)
          activeClassName="active"
          onClick={[Function]}
          to="/foo"
        >
          <ForwardRef
            activeClassName="active"
            className=""
            onClick={[Function]}
            to="/foo"
          >
            <GatsbyLinkLocationWrapper
              activeClassName="active"
              className=""
              innerRef={null}
              onClick={[Function]}
              to="/foo"
            >
              <Location>
                <LocationProvider
                  history={
                    Object {
                      "_onTransitionComplete": [Function],
                      "listen": [Function],
                      "location": Object {
                        "hash": "",
                        "host": "localhost",
                        "hostname": "localhost",
                        "href": "http://localhost/",
                        "key": "initial",
                        "origin": "http://localhost",
                        "pathname": "/",
                        "port": "",
                        "protocol": "http:",
                        "search": "",
                        "state": null,
                      },
                      "navigate": [Function],
                      "transitioning": false,
                    }
                  }
                >
                  <GatsbyLink
                    _location={
                      Object {
                        "hash": "",
                        "host": "localhost",
                        "hostname": "localhost",
                        "href": "http://localhost/",
                        "key": "initial",
                        "origin": "http://localhost",
                        "pathname": "/",
                        "port": "",
                        "protocol": "http:",
                        "search": "",
                        "state": null,
                      }
                    }
                    activeClassName="active"
                    className=""
                    innerRef={null}
                    onClick={[Function]}
                    to="/foo"
                  >
                    <Link
                      className=""
                      getProps={[Function]}
                      innerRef={[Function]}
                      onClick={[Function]}
                      onMouseEnter={[Function]}
                      to="/foo"
                    >
                      <Location>
                        <a
                          className=""
                          href="/foo"
                          onClick={[Function]}
                          onMouseEnter={[Function]}
                        >
                          Foo
                        </a>
                      </Location>
                    </Link>
                  </GatsbyLink>
                </LocationProvider>
              </Location>
            </GatsbyLinkLocationWrapper>
          </ForwardRef>
        </Styled(Component)>
      </NavigationLink>
    </li>
  </styled.li>
</NavigationItem>
`;
