// Jest Snapshot v1, https://goo.gl/fbAQLP

exports[`Socials renders correctly 1`] = `
.c2 {
  width: 1.5rem;
  height: 1.5rem;
}

.c1 {
  -webkit-text-decoration: none;
  text-decoration: none;
  font-family: "Inter",sans-serif;
  color: #2c9bbb;
  -webkit-transition: color 0.3s;
  transition: color 0.3s;
}

.c1:hover {
  color: #70c5dd;
}

.c0 {
  text-align: center;
  margin: 1.5rem 0 0;
}

.c0 a {
  margin: 0 1rem;
}

<Socials>
  <styled.div>
    <div
      className="c0"
    >
      <Link
        external={true}
        key="GitHub"
        to="https://github.com/FindETH"
      >
        <styled.a
          href="https://github.com/FindETH"
        >
          <a
            className="c1"
            href="https://github.com/FindETH"
            rel="noopener noreferrer"
            target="_blank"
          >
            <Icon
              icon="github"
              size="1.5rem"
              title="GitHub"
            >
              <styled.img
                alt="GitHub"
                size="1.5rem"
                src="file-stub"
                title="GitHub"
              >
                <img
                  alt="GitHub"
                  className="c2"
                  size="1.5rem"
                  src="file-stub"
                  title="GitHub"
                />
              </styled.img>
            </Icon>
          </a>
        </styled.a>
      </Link>
      <Link
        external={true}
        key="Medium"
        to="https://medium.com/findeth"
      >
        <styled.a
          href="https://medium.com/findeth"
        >
          <a
            className="c1"
            href="https://medium.com/findeth"
            rel="noopener noreferrer"
            target="_blank"
          >
            <Icon
              icon="medium"
              size="1.5rem"
              title="Medium"
            >
              <styled.img
                alt="Medium"
                size="1.5rem"
                src="file-stub"
                title="Medium"
              >
                <img
                  alt="Medium"
                  className="c2"
                  size="1.5rem"
                  src="file-stub"
                  title="Medium"
                />
              </styled.img>
            </Icon>
          </a>
        </styled.a>
      </Link>
      <Link
        external={true}
        key="Email"
        to="mailto:info@findeth.io"
      >
        <styled.a
          href="mailto:info@findeth.io"
        >
          <a
            className="c1"
            href="mailto:info@findeth.io"
            rel="noopener noreferrer"
            target="_blank"
          >
            <Icon
              icon="email"
              size="1.5rem"
              title="Email"
            >
              <styled.img
                alt="Email"
                size="1.5rem"
                src="file-stub"
                title="Email"
              >
                <img
                  alt="Email"
                  className="c2"
                  size="1.5rem"
                  src="file-stub"
                  title="Email"
                />
              </styled.img>
            </Icon>
          </a>
        </styled.a>
      </Link>
      <Link
        external={true}
        key="Twitter"
        to="https://twitter.com/FindETHio"
      >
        <styled.a
          href="https://twitter.com/FindETHio"
        >
          <a
            className="c1"
            href="https://twitter.com/FindETHio"
            rel="noopener noreferrer"
            target="_blank"
          >
            <Icon
              icon="twitter"
              size="1.5rem"
              title="Twitter"
            >
              <styled.img
                alt="Twitter"
                size="1.5rem"
                src="file-stub"
                title="Twitter"
              >
                <img
                  alt="Twitter"
                  className="c2"
                  size="1.5rem"
                  src="file-stub"
                  title="Twitter"
                />
              </styled.img>
            </Icon>
          </a>
        </styled.a>
      </Link>
    </div>
  </styled.div>
</Socials>
`;
