// Jest Snapshot v1, https://goo.gl/fbAQLP

exports[`SelectOptions renders 1`] = `
<Styled(Component)
  animate="enter"
  exit="exit"
  initial="initial"
  transition={
    Object {
      "duration": 0.6,
    }
  }
  variants={
    Object {
      "enter": Object {
        "opacity": 1,
      },
      "exit": Object {
        "opacity": 0,
      },
      "initial": Object {
        "opacity": 0,
      },
    }
  }
>
  <Meta
    title="Select your options"
  />
  <styled.div>
    <Styled(styled.p)
      as="h2"
    >
      Select your options
    </Styled(styled.p)>
    <styled.p>
      Select your options.
    </styled.p>
  </styled.div>
</Styled(Component)>
`;
