// Jest Snapshot v1, https://goo.gl/fbAQLP

exports[`Navigation renders correctly 1`] = `
.c0 {
  list-style-type: none;
  margin: 0 0 0 2.5rem;
  padding: 0;
}

.c1 {
  display: inline-block;
}

.c1:not(:first-of-type) {
  margin-left: 1rem;
}

<Navigation>
  <styled.ul>
    <ul
      className="c0"
    >
      <NavigationItem
        title="Search"
        to="/"
      >
        <styled.li>
          <li
            className="c1"
          >
            <NavigationLink
              to="/"
            >
              <Styled(Component)
                activeClassName="active"
                onClick={[Function]}
                to="/"
              >
                <ForwardRef
                  activeClassName="active"
                  className=""
                  onClick={[Function]}
                  to="/"
                >
                  <GatsbyLinkLocationWrapper
                    activeClassName="active"
                    className=""
                    innerRef={null}
                    onClick={[Function]}
                    to="/"
                  >
                    <Location>
                      <LocationProvider
                        history={
                          Object {
                            "_onTransitionComplete": [Function],
                            "listen": [Function],
                            "location": Object {
                              "hash": "",
                              "host": "localhost",
                              "hostname": "localhost",
                              "href": "http://localhost/",
                              "key": "initial",
                              "origin": "http://localhost",
                              "pathname": "/",
                              "port": "",
                              "protocol": "http:",
                              "search": "",
                              "state": null,
                            },
                            "navigate": [Function],
                            "transitioning": false,
                          }
                        }
                      >
                        <GatsbyLink
                          _location={
                            Object {
                              "hash": "",
                              "host": "localhost",
                              "hostname": "localhost",
                              "href": "http://localhost/",
                              "key": "initial",
                              "origin": "http://localhost",
                              "pathname": "/",
                              "port": "",
                              "protocol": "http:",
                              "search": "",
                              "state": null,
                            }
                          }
                          activeClassName="active"
                          className=""
                          innerRef={null}
                          onClick={[Function]}
                          to="/"
                        >
                          <Link
                            className=""
                            getProps={[Function]}
                            innerRef={[Function]}
                            onClick={[Function]}
                            onMouseEnter={[Function]}
                            to="/"
                          >
                            <Location>
                              <a
                                aria-current="page"
                                className="active"
                                href="/"
                                onClick={[Function]}
                                onMouseEnter={[Function]}
                                style={Object {}}
                              >
                                Search
                              </a>
                            </Location>
                          </Link>
                        </GatsbyLink>
                      </LocationProvider>
                    </Location>
                  </GatsbyLinkLocationWrapper>
                </ForwardRef>
              </Styled(Component)>
            </NavigationLink>
          </li>
        </styled.li>
      </NavigationItem>
      <NavigationItem
        title="Info"
        to="/info"
      >
        <styled.li>
          <li
            className="c1"
          >
            <NavigationLink
              to="/info"
            >
              <Styled(Component)
                activeClassName="active"
                onClick={[Function]}
                to="/info"
              >
                <ForwardRef
                  activeClassName="active"
                  className=""
                  onClick={[Function]}
                  to="/info"
                >
                  <GatsbyLinkLocationWrapper
                    activeClassName="active"
                    className=""
                    innerRef={null}
                    onClick={[Function]}
                    to="/info"
                  >
                    <Location>
                      <LocationProvider
                        history={
                          Object {
                            "_onTransitionComplete": [Function],
                            "listen": [Function],
                            "location": Object {
                              "hash": "",
                              "host": "localhost",
                              "hostname": "localhost",
                              "href": "http://localhost/",
                              "key": "initial",
                              "origin": "http://localhost",
                              "pathname": "/",
                              "port": "",
                              "protocol": "http:",
                              "search": "",
                              "state": null,
                            },
                            "navigate": [Function],
                            "transitioning": false,
                          }
                        }
                      >
                        <GatsbyLink
                          _location={
                            Object {
                              "hash": "",
                              "host": "localhost",
                              "hostname": "localhost",
                              "href": "http://localhost/",
                              "key": "initial",
                              "origin": "http://localhost",
                              "pathname": "/",
                              "port": "",
                              "protocol": "http:",
                              "search": "",
                              "state": null,
                            }
                          }
                          activeClassName="active"
                          className=""
                          innerRef={null}
                          onClick={[Function]}
                          to="/info"
                        >
                          <Link
                            className=""
                            getProps={[Function]}
                            innerRef={[Function]}
                            onClick={[Function]}
                            onMouseEnter={[Function]}
                            to="/info"
                          >
                            <Location>
                              <a
                                className=""
                                href="/info"
                                onClick={[Function]}
                                onMouseEnter={[Function]}
                              >
                                Info
                              </a>
                            </Location>
                          </Link>
                        </GatsbyLink>
                      </LocationProvider>
                    </Location>
                  </GatsbyLinkLocationWrapper>
                </ForwardRef>
              </Styled(Component)>
            </NavigationLink>
          </li>
        </styled.li>
      </NavigationItem>
    </ul>
  </styled.ul>
</Navigation>
`;
