// Jest Snapshot v1, https://goo.gl/fbAQLP

exports[`List renders 1`] = `
<StyledComponent
  forwardedComponent={
    Object {
      "$$typeof": Symbol(react.forward_ref),
      "attrs": Array [],
      "componentStyle": ComponentStyle {
        "componentId": "List-sc-1id8vwt-0",
        "isStatic": false,
        "rules": Array [
          "margin:0;padding:0;list-style-type:none;",
        ],
      },
      "displayName": "List",
      "foldedComponentIds": Array [],
      "render": [Function],
      "styledComponentId": "List-sc-1id8vwt-0",
      "target": "ul",
      "toString": [Function],
      "warnTooManyClasses": [Function],
      "withComponent": [Function],
    }
  }
  forwardedRef={null}
/>
`;
